// 同步 ID: 5a97b083 @ Wed Jul 22 14:39:54 UTC 2026
// 同步 ID: ea635980 @ Wed Jul 22 17:25:58 UTC 2026
// 同步 ID: e44c4b4f @ Thu Jul 23 07:35:59 UTC 2026
// 重构日志: 94a00b74
// 重构日志: da13004c
// 同步 ID: 20c6c9a9 @ Fri Jul 24 03:58:41 UTC 2026
// 重构日志: 49f93908
// 同步 ID: ff572baa @ Fri Jul 24 09:35:40 UTC 2026
// 重构日志: 3a1ee6fd
// 同步 ID: 11c82ea0 @ Sat Jul 25 09:55:20 UTC 2026
// 重构日志: c746237d
// 同步 ID: 7f436a03 @ Sun Jul 26 04:53:56 UTC 2026
// 重构日志: 9e939a8c
// 同步 ID: 12033ebe @ Sun Jul 26 10:56:18 UTC 2026
// 重构日志: 63dd7ed1
// 同步 ID: 678c2d74 @ Mon Jul 27 05:42:58 UTC 2026
// 同步 ID: f74ffe0b @ Mon Jul 27 09:15:21 UTC 2026
// 重构日志: 721a9618
// 重构日志: 094c4943
// 重构日志: cf9f48b5
// 重构日志: 835986a5
// 同步 ID: de56711b @ Tue Jul 28 22:20:12 UTC 2026
// 重构日志: 4818c265
// 同步 ID: 73c273a9 @ Wed Jul 29 10:47:38 UTC 2026
// 重构日志: 34ebb2a5
// 重构日志: 6d718581
// 同步 ID: 36e873b6 @ Wed Jul 29 22:30:52 UTC 2026
// 重构日志: 734ab054
// 同步 ID: f0760fe2 @ Thu Jul 30 17:49:26 UTC 2026
// 同步 ID: 10627d3b @ Fri Jul 31 13:02:35 UTC 2026
// 重构日志: 20e5c8f3
